mode: set
chromatic/internal/api/router.go:16.103,37.28 11 0
chromatic/internal/api/router.go:37.28,40.4 1 0
chromatic/internal/api/router.go:41.22,44.4 1 0
chromatic/internal/api/router.go:48.2,142.16 45 0
chromatic/cmd/chromatic/main.go:20.13,23.16 2 0
chromatic/cmd/chromatic/main.go:23.16,27.3 2 0
chromatic/cmd/chromatic/main.go:30.2,40.16 4 0
chromatic/cmd/chromatic/main.go:40.16,43.3 2 0
chromatic/cmd/chromatic/main.go:44.2,47.37 2 0
chromatic/cmd/chromatic/main.go:47.37,50.3 2 0
chromatic/cmd/chromatic/main.go:51.2,55.16 3 0
chromatic/cmd/chromatic/main.go:55.16,58.3 2 0
chromatic/cmd/chromatic/main.go:59.2,79.12 7 0
chromatic/cmd/chromatic/main.go:79.12,81.80 2 0
chromatic/cmd/chromatic/main.go:81.80,84.4 2 0
chromatic/cmd/chromatic/main.go:88.2,107.45 11 0
chromatic/cmd/chromatic/main.go:107.45,109.3 1 0
chromatic/cmd/chromatic/main.go:111.2,111.42 1 0
chromatic/internal/database/db.go:24.36,29.16 3 1
chromatic/internal/database/db.go:29.16,31.3 1 0
chromatic/internal/database/db.go:34.2,34.34 1 1
chromatic/internal/database/db.go:34.34,36.3 1 1
chromatic/internal/database/db.go:39.2,44.21 4 1
chromatic/internal/database/db.go:48.31,57.16 2 1
chromatic/internal/database/db.go:57.16,59.3 1 0
chromatic/internal/database/db.go:62.2,63.16 2 1
chromatic/internal/database/db.go:63.16,65.3 1 0
chromatic/internal/database/db.go:68.2,69.32 2 1
chromatic/internal/database/db.go:69.32,70.64 1 1
chromatic/internal/database/db.go:70.64,72.4 1 1
chromatic/internal/database/db.go:74.2,77.34 2 1
chromatic/internal/database/db.go:77.34,79.17 2 1
chromatic/internal/database/db.go:79.17,81.4 1 0
chromatic/internal/database/db.go:82.3,82.14 1 1
chromatic/internal/database/db.go:82.14,83.12 1 1
chromatic/internal/database/db.go:86.3,89.17 3 1
chromatic/internal/database/db.go:89.17,91.4 1 0
chromatic/internal/database/db.go:94.3,95.17 2 1
chromatic/internal/database/db.go:95.17,97.4 1 0
chromatic/internal/database/db.go:99.3,99.53 1 1
chromatic/internal/database/db.go:99.53,102.4 2 0
chromatic/internal/database/db.go:104.3,104.87 1 1
chromatic/internal/database/db.go:104.87,107.4 2 0
chromatic/internal/database/db.go:109.3,109.37 1 1
chromatic/internal/database/db.go:109.37,111.4 1 0
chromatic/internal/database/db.go:113.3,113.44 1 1
chromatic/internal/database/db.go:116.2,116.12 1 1
chromatic/internal/database/db.go:119.61,122.16 3 1
chromatic/internal/database/db.go:122.16,124.3 1 0
chromatic/internal/database/db.go:125.2,125.23 1 1
chromatic/internal/database/testing.go:11.44,15.16 3 1
chromatic/internal/database/testing.go:15.16,17.3 1 0
chromatic/internal/database/testing.go:19.2,21.16 3 1
chromatic/internal/database/testing.go:21.16,24.3 2 0
chromatic/internal/database/testing.go:27.2,27.37 1 1
chromatic/internal/database/testing.go:27.37,31.3 3 0
chromatic/internal/database/testing.go:33.2,33.20 1 1
chromatic/internal/database/testing.go:33.20,36.3 2 1
chromatic/internal/database/testing.go:38.2,38.20 1 1
chromatic/internal/logger/logger.go:14.34,21.16 3 1
chromatic/internal/logger/logger.go:21.16,24.3 1 1
chromatic/internal/logger/logger.go:24.8,27.3 1 1
chromatic/internal/logger/logger.go:29.2,30.25 2 1
chromatic/internal/logger/logger.go:34.72,36.2 1 1
chromatic/internal/logger/logger.go:39.45,41.2 1 1
chromatic/internal/logger/logger.go:44.57,46.2 1 1
chromatic/internal/logger/logger.go:49.36,51.2 1 1
chromatic/internal/logger/logger.go:54.36,56.2 1 1
chromatic/internal/logger/logger.go:59.37,61.2 1 1
chromatic/internal/logger/logger.go:64.37,66.2 1 1
chromatic/internal/config/config.go:44.30,65.25 2 1
chromatic/internal/config/config.go:65.25,67.3 1 1
chromatic/internal/config/config.go:68.2,68.26 1 1
chromatic/internal/config/config.go:68.26,70.3 1 1
chromatic/internal/config/config.go:71.2,71.26 1 1
chromatic/internal/config/config.go:71.26,73.3 1 0
chromatic/internal/config/config.go:74.2,74.25 1 1
chromatic/internal/config/config.go:74.25,76.3 1 0
chromatic/internal/config/config.go:79.2,79.56 1 1
chromatic/internal/config/config.go:79.56,81.3 1 0
chromatic/internal/config/config.go:83.2,83.17 1 1
chromatic/internal/config/config.go:87.38,89.2 1 1
chromatic/internal/config/config.go:92.46,93.42 1 1
chromatic/internal/config/config.go:93.42,95.3 1 1
chromatic/internal/config/config.go:96.2,96.21 1 1
chromatic/internal/config/config.go:100.40,102.2 1 1
chromatic/internal/config/config.go:105.50,106.42 1 1
chromatic/internal/config/config.go:106.42,107.48 1 1
chromatic/internal/config/config.go:107.48,109.4 1 1
chromatic/internal/config/config.go:111.2,111.21 1 1
chromatic/internal/config/config.go:115.75,116.42 1 1
chromatic/internal/config/config.go:116.42,117.54 1 1
chromatic/internal/config/config.go:117.54,119.4 1 1
chromatic/internal/config/config.go:121.2,121.21 1 1
chromatic/internal/config/config.go:125.53,126.42 1 1
chromatic/internal/config/config.go:126.42,129.3 1 0
chromatic/internal/config/config.go:130.2,130.21 1 1
chromatic/internal/config/config.go:134.61,135.42 1 1
chromatic/internal/config/config.go:135.42,137.49 2 1
chromatic/internal/config/config.go:137.49,138.18 1 1
chromatic/internal/config/config.go:138.18,140.5 1 1
chromatic/internal/config/config.go:142.3,142.16 1 1
chromatic/internal/config/config.go:144.2,144.21 1 1
chromatic/internal/config/config.go:148.43,150.43 2 1
chromatic/internal/config/config.go:150.43,152.20 2 1
chromatic/internal/config/config.go:152.20,154.4 1 1
chromatic/internal/config/config.go:156.2,156.15 1 1
chromatic/internal/config/config.go:160.42,161.19 1 1
chromatic/internal/config/config.go:161.19,163.3 1 1
chromatic/internal/config/config.go:164.2,165.6 2 1
chromatic/internal/config/config.go:165.6,167.12 2 1
chromatic/internal/config/config.go:167.12,169.9 2 1
chromatic/internal/config/config.go:171.3,172.21 2 1
chromatic/internal/config/config.go:174.2,174.15 1 1
chromatic/internal/config/config.go:178.33,179.40 1 1
chromatic/internal/config/config.go:179.40,180.29 1 1
chromatic/internal/config/config.go:180.29,182.4 1 1
chromatic/internal/config/config.go:184.2,184.11 1 1
chromatic/internal/config/config.go:188.33,190.102 2 1
chromatic/internal/config/config.go:190.102,192.3 1 1
chromatic/internal/config/config.go:193.2,194.99 2 1
chromatic/internal/config/config.go:194.99,196.3 1 1
chromatic/internal/config/config.go:197.2,197.21 1 1
chromatic/internal/metrics/metrics.go:42.21,43.17 1 1
chromatic/internal/metrics/metrics.go:43.17,47.3 1 1
chromatic/internal/metrics/metrics.go:48.2,48.22 1 1
chromatic/internal/metrics/metrics.go:52.53,55.2 2 1
chromatic/internal/metrics/metrics.go:58.33,59.54 1 1
chromatic/internal/metrics/metrics.go:59.54,64.54 3 1
chromatic/internal/metrics/metrics.go:64.54,68.4 3 1
chromatic/internal/metrics/metrics.go:70.3,70.56 1 1
chromatic/internal/metrics/metrics.go:70.56,74.4 3 1
chromatic/internal/metrics/metrics.go:77.3,102.59 20 1
chromatic/internal/metrics/metrics.go:102.59,107.4 4 1
chromatic/internal/metrics/metrics.go:108.3,113.58 4 1
chromatic/internal/api/middleware/middleware.go:26.66,29.46 2 1
chromatic/internal/api/middleware/middleware.go:29.46,30.72 1 1
chromatic/internal/api/middleware/middleware.go:30.72,32.61 1 1
chromatic/internal/api/middleware/middleware.go:32.61,34.41 2 0
chromatic/internal/api/middleware/middleware.go:34.41,35.43 1 0
chromatic/internal/api/middleware/middleware.go:35.43,38.7 2 0
chromatic/internal/api/middleware/middleware.go:43.4,44.18 2 1
chromatic/internal/api/middleware/middleware.go:44.18,47.5 2 1
chromatic/internal/api/middleware/middleware.go:50.4,51.21 2 1
chromatic/internal/api/middleware/middleware.go:51.21,55.5 2 1
chromatic/internal/api/middleware/middleware.go:58.4,58.71 1 1
chromatic/internal/api/middleware/middleware.go:58.71,61.5 2 1
chromatic/internal/api/middleware/middleware.go:63.4,63.24 1 1
chromatic/internal/api/middleware/middleware.go:81.88,83.40 2 1
chromatic/internal/api/middleware/middleware.go:83.40,85.3 1 1
chromatic/internal/api/middleware/middleware.go:86.2,89.3 1 1
chromatic/internal/api/middleware/middleware.go:96.57,97.18 1 1
chromatic/internal/api/middleware/middleware.go:97.18,100.3 1 0
chromatic/internal/api/middleware/middleware.go:103.2,103.32 1 1
chromatic/internal/api/middleware/middleware.go:103.32,105.3 1 1
chromatic/internal/api/middleware/middleware.go:108.2,108.55 1 1
chromatic/internal/api/middleware/middleware.go:108.55,110.3 1 1
chromatic/internal/api/middleware/middleware.go:113.2,113.14 1 1
chromatic/internal/api/middleware/middleware.go:117.59,120.46 2 1
chromatic/internal/api/middleware/middleware.go:120.46,121.72 1 1
chromatic/internal/api/middleware/middleware.go:121.72,124.20 2 1
chromatic/internal/api/middleware/middleware.go:124.20,126.36 1 1
chromatic/internal/api/middleware/middleware.go:126.36,129.6 2 1
chromatic/internal/api/middleware/middleware.go:133.4,138.38 4 1
chromatic/internal/api/middleware/middleware.go:138.38,141.5 2 1
chromatic/internal/api/middleware/middleware.go:143.4,143.24 1 1
chromatic/internal/api/middleware/middleware.go:163.73,164.32 1 1
chromatic/internal/api/middleware/middleware.go:164.32,166.3 1 0
chromatic/internal/api/middleware/middleware.go:167.2,167.24 1 1
chromatic/internal/api/middleware/middleware.go:167.24,169.3 1 0
chromatic/internal/api/middleware/middleware.go:170.2,170.30 1 1
chromatic/internal/api/middleware/middleware.go:170.30,172.3 1 0
chromatic/internal/api/middleware/middleware.go:175.2,176.43 2 1
chromatic/internal/api/middleware/middleware.go:176.43,178.3 1 0
chromatic/internal/api/middleware/middleware.go:180.2,184.12 3 1
chromatic/internal/api/middleware/middleware.go:184.12,186.22 2 1
chromatic/internal/api/middleware/middleware.go:186.22,189.38 3 0
chromatic/internal/api/middleware/middleware.go:189.38,191.59 1 0
chromatic/internal/api/middleware/middleware.go:191.59,193.6 1 0
chromatic/internal/api/middleware/middleware.go:195.4,195.15 1 0
chromatic/internal/api/middleware/middleware.go:199.2,199.46 1 1
chromatic/internal/api/middleware/middleware.go:199.46,200.72 1 1
chromatic/internal/api/middleware/middleware.go:200.72,206.15 4 1
chromatic/internal/api/middleware/middleware.go:206.15,212.5 2 1
chromatic/internal/api/middleware/middleware.go:215.4,221.47 5 1
chromatic/internal/api/middleware/middleware.go:221.47,223.5 1 1
chromatic/internal/api/middleware/middleware.go:226.4,226.26 1 1
chromatic/internal/api/middleware/middleware.go:226.26,231.5 4 1
chromatic/internal/api/middleware/middleware.go:234.4,237.24 3 1
chromatic/internal/api/middleware/middleware.go:245.74,249.56 2 1
chromatic/internal/api/middleware/middleware.go:249.56,251.3 1 1
chromatic/internal/api/middleware/middleware.go:254.2,254.30 1 1
chromatic/internal/api/middleware/middleware.go:254.30,256.3 1 1
chromatic/internal/api/middleware/middleware.go:259.2,259.31 1 1
chromatic/internal/api/middleware/middleware.go:259.31,261.3 1 1
chromatic/internal/api/middleware/middleware.go:265.2,266.21 2 1
chromatic/internal/api/middleware/middleware.go:266.21,270.21 3 1
chromatic/internal/api/middleware/middleware.go:270.21,272.4 1 1
chromatic/internal/api/middleware/middleware.go:276.2,277.18 2 1
chromatic/internal/api/middleware/middleware.go:277.18,279.3 1 1
chromatic/internal/api/middleware/middleware.go:282.2,282.17 1 0
chromatic/internal/api/middleware/middleware.go:286.52,287.71 1 1
chromatic/internal/api/middleware/middleware.go:287.71,299.111 6 1
chromatic/internal/api/middleware/middleware.go:299.111,301.4 1 0
chromatic/internal/api/middleware/middleware.go:303.3,303.74 1 1
chromatic/internal/api/middleware/middleware.go:313.49,316.2 2 1
chromatic/internal/api/middleware/middleware.go:319.48,320.71 1 1
chromatic/internal/api/middleware/middleware.go:320.71,321.16 1 1
chromatic/internal/api/middleware/middleware.go:321.16,322.36 1 1
chromatic/internal/api/middleware/middleware.go:322.36,325.5 2 1
chromatic/internal/api/middleware/middleware.go:328.3,328.23 1 1
chromatic/internal/api/middleware/middleware.go:333.54,334.71 1 1
chromatic/internal/api/middleware/middleware.go:334.71,362.3 7 1
chromatic/internal/webrtc/ice.go:13.89,26.2 6 1
chromatic/internal/webrtc/sfu.go:67.47,79.43 2 1
chromatic/internal/webrtc/sfu.go:79.43,81.3 1 0
chromatic/internal/webrtc/sfu.go:84.2,91.43 1 1
chromatic/internal/webrtc/sfu.go:91.43,93.3 1 0
chromatic/internal/webrtc/sfu.go:96.2,100.16 3 1
chromatic/internal/webrtc/sfu.go:100.16,102.3 1 0
chromatic/internal/webrtc/sfu.go:103.2,106.65 2 1
chromatic/internal/webrtc/sfu.go:106.65,108.3 1 0
chromatic/internal/webrtc/sfu.go:111.2,125.17 4 1
chromatic/internal/webrtc/sfu.go:129.50,137.30 2 1
chromatic/internal/webrtc/sfu.go:137.30,145.3 2 1
chromatic/internal/webrtc/sfu.go:148.2,148.36 1 1
chromatic/internal/webrtc/sfu.go:148.36,154.3 1 1
chromatic/internal/webrtc/sfu.go:156.2,156.16 1 1
chromatic/internal/webrtc/sfu.go:160.70,166.2 2 1
chromatic/internal/webrtc/sfu.go:169.63,173.2 3 1
chromatic/internal/webrtc/sfu.go:176.72,180.2 3 1
chromatic/internal/webrtc/sfu.go:183.51,186.50 3 1
chromatic/internal/webrtc/sfu.go:186.50,188.31 1 1
chromatic/internal/webrtc/sfu.go:188.31,190.4 1 1
chromatic/internal/webrtc/sfu.go:191.3,191.36 1 1
chromatic/internal/webrtc/sfu.go:196.58,200.39 3 1
chromatic/internal/webrtc/sfu.go:200.39,202.3 1 1
chromatic/internal/webrtc/sfu.go:204.2,209.13 3 1
chromatic/internal/webrtc/sfu.go:213.26,219.31 4 1
chromatic/internal/webrtc/sfu.go:219.31,221.3 1 1
chromatic/internal/webrtc/sfu.go:224.2,224.31 1 1
chromatic/internal/webrtc/sfu.go:224.31,225.42 1 1
chromatic/internal/webrtc/sfu.go:225.42,226.32 1 1
chromatic/internal/webrtc/sfu.go:226.32,228.5 1 1
chromatic/internal/webrtc/sfu.go:229.4,229.37 1 1
chromatic/internal/webrtc/sfu.go:229.37,231.5 1 0
chromatic/internal/webrtc/sfu.go:232.4,232.28 1 1
chromatic/internal/webrtc/sfu.go:237.2,237.31 1 1
chromatic/internal/webrtc/sfu.go:237.31,239.41 2 1
chromatic/internal/webrtc/sfu.go:239.41,240.28 1 1
chromatic/internal/webrtc/sfu.go:240.28,242.5 1 1
chromatic/internal/webrtc/sfu.go:243.4,243.33 1 1
chromatic/internal/webrtc/sfu.go:243.33,245.5 1 0
chromatic/internal/webrtc/sfu.go:246.4,246.32 1 1
chromatic/internal/webrtc/sfu.go:248.3,248.19 1 1
chromatic/internal/webrtc/sfu.go:250.2,252.38 2 1
chromatic/internal/webrtc/sfu.go:256.54,262.2 4 1
chromatic/internal/webrtc/sfu.go:265.51,268.39 3 1
chromatic/internal/webrtc/sfu.go:268.39,270.27 1 1
chromatic/internal/webrtc/sfu.go:270.27,272.4 1 1
chromatic/internal/webrtc/sfu.go:273.3,275.42 2 1
chromatic/internal/webrtc/sfu.go:280.92,288.2 4 0
chromatic/internal/webrtc/sfu.go:291.71,296.9 4 1
chromatic/internal/webrtc/sfu.go:296.9,298.3 1 1
chromatic/internal/webrtc/sfu.go:300.2,301.9 2 1
chromatic/internal/webrtc/sfu.go:301.9,307.3 2 1
chromatic/internal/webrtc/sfu.go:309.2,315.12 6 1
chromatic/internal/webrtc/sfu.go:319.65,323.2 3 1
chromatic/internal/webrtc/sfu.go:327.133,329.17 2 0
chromatic/internal/webrtc/sfu.go:329.17,331.3 1 0
chromatic/internal/webrtc/sfu.go:333.2,340.16 6 0
chromatic/internal/webrtc/sfu.go:340.16,342.3 1 0
chromatic/internal/webrtc/sfu.go:345.2,345.23 1 0
chromatic/internal/webrtc/sfu.go:345.23,347.17 2 0
chromatic/internal/webrtc/sfu.go:347.17,350.4 2 0
chromatic/internal/webrtc/sfu.go:351.3,351.65 1 0
chromatic/internal/webrtc/sfu.go:355.2,355.23 1 0
chromatic/internal/webrtc/sfu.go:355.23,357.17 2 0
chromatic/internal/webrtc/sfu.go:357.17,360.4 2 0
chromatic/internal/webrtc/sfu.go:361.3,361.65 1 0
chromatic/internal/webrtc/sfu.go:365.2,374.68 3 0
chromatic/internal/webrtc/sfu.go:374.68,376.16 2 0
chromatic/internal/webrtc/sfu.go:379.37,380.39 1 0
chromatic/internal/webrtc/sfu.go:385.2,386.16 2 0
chromatic/internal/webrtc/sfu.go:386.16,390.3 3 0
chromatic/internal/webrtc/sfu.go:393.2,393.54 1 0
chromatic/internal/webrtc/sfu.go:393.54,397.3 3 0
chromatic/internal/webrtc/sfu.go:400.2,403.39 3 0
chromatic/internal/webrtc/sfu.go:407.106,409.17 2 1
chromatic/internal/webrtc/sfu.go:409.17,411.3 1 1
chromatic/internal/webrtc/sfu.go:413.2,417.9 4 0
chromatic/internal/webrtc/sfu.go:417.9,419.3 1 0
chromatic/internal/webrtc/sfu.go:421.2,421.72 1 0
chromatic/internal/webrtc/sfu.go:421.72,423.3 1 0
chromatic/internal/webrtc/sfu.go:425.2,426.12 2 0
chromatic/internal/webrtc/sfu.go:430.113,432.17 2 1
chromatic/internal/webrtc/sfu.go:432.17,434.3 1 1
chromatic/internal/webrtc/sfu.go:436.2,440.9 4 0
chromatic/internal/webrtc/sfu.go:440.9,442.3 1 0
chromatic/internal/webrtc/sfu.go:444.2,444.70 1 0
chromatic/internal/webrtc/sfu.go:444.70,446.3 1 0
chromatic/internal/webrtc/sfu.go:448.2,448.12 1 0
chromatic/internal/webrtc/sfu.go:452.89,454.17 2 1
chromatic/internal/webrtc/sfu.go:454.17,456.3 1 1
chromatic/internal/webrtc/sfu.go:458.2,462.9 4 0
chromatic/internal/webrtc/sfu.go:462.9,464.3 1 0
chromatic/internal/webrtc/sfu.go:467.2,472.71 2 0
chromatic/internal/webrtc/sfu.go:472.71,474.3 1 0
chromatic/internal/webrtc/sfu.go:477.2,478.16 2 0
chromatic/internal/webrtc/sfu.go:478.16,480.3 1 0
chromatic/internal/webrtc/sfu.go:482.2,482.71 1 0
chromatic/internal/webrtc/sfu.go:482.71,484.3 1 0
chromatic/internal/webrtc/sfu.go:486.2,487.24 2 0
chromatic/internal/webrtc/sfu.go:491.126,493.16 2 0
chromatic/internal/webrtc/sfu.go:493.16,495.3 1 0
chromatic/internal/webrtc/sfu.go:497.2,501.9 4 0
chromatic/internal/webrtc/sfu.go:501.9,503.3 1 0
chromatic/internal/webrtc/sfu.go:505.2,505.20 1 0
chromatic/internal/webrtc/sfu.go:509.48,511.17 2 1
chromatic/internal/webrtc/sfu.go:511.17,513.3 1 1
chromatic/internal/webrtc/sfu.go:515.2,518.57 3 1
chromatic/internal/webrtc/sfu.go:532.153,535.16 2 0
chromatic/internal/webrtc/sfu.go:535.16,537.3 1 0
chromatic/internal/webrtc/sfu.go:540.2,540.75 1 0
chromatic/internal/webrtc/sfu.go:540.75,542.47 2 0
chromatic/internal/webrtc/sfu.go:542.47,544.4 1 0
chromatic/internal/webrtc/sfu.go:548.2,552.55 2 0
chromatic/internal/webrtc/sfu.go:552.55,555.3 2 0
chromatic/internal/webrtc/sfu.go:558.2,559.16 2 0
chromatic/internal/webrtc/sfu.go:559.16,562.3 2 0
chromatic/internal/webrtc/sfu.go:565.2,565.55 1 0
chromatic/internal/webrtc/sfu.go:565.55,568.3 2 0
chromatic/internal/webrtc/sfu.go:571.2,577.31 5 0
chromatic/internal/webrtc/sfu.go:577.31,579.3 1 0
chromatic/internal/webrtc/sfu.go:580.2,588.68 3 0
chromatic/internal/webrtc/sfu.go:588.68,590.16 2 0
chromatic/internal/webrtc/sfu.go:593.37,594.49 1 0
chromatic/internal/webrtc/sfu.go:598.2,598.39 1 0
chromatic/internal/webrtc/sfu.go:602.66,604.17 2 1
chromatic/internal/webrtc/sfu.go:604.17,606.3 1 1
chromatic/internal/webrtc/sfu.go:608.2,611.58 3 1
chromatic/internal/webrtc/sfu.go:611.58,612.31 1 0
chromatic/internal/webrtc/sfu.go:612.31,614.4 1 0
chromatic/internal/webrtc/sfu.go:615.3,615.36 1 0
chromatic/internal/webrtc/sfu.go:615.36,617.4 1 0
chromatic/internal/webrtc/sfu.go:618.3,619.83 2 0
chromatic/internal/webrtc/sfu.go:625.135,627.17 2 0
chromatic/internal/webrtc/sfu.go:627.17,629.3 1 0
chromatic/internal/webrtc/sfu.go:631.2,635.9 4 0
chromatic/internal/webrtc/sfu.go:635.9,637.3 1 0
chromatic/internal/webrtc/sfu.go:640.2,645.16 2 0
chromatic/internal/webrtc/sfu.go:645.16,647.3 1 0
chromatic/internal/webrtc/sfu.go:650.2,651.16 2 0
chromatic/internal/webrtc/sfu.go:651.16,653.3 1 0
chromatic/internal/webrtc/sfu.go:656.2,656.12 1 0
chromatic/internal/webrtc/sfu.go:656.12,658.7 2 0
chromatic/internal/webrtc/sfu.go:658.7,660.18 2 0
chromatic/internal/webrtc/sfu.go:660.18,663.5 2 0
chromatic/internal/webrtc/sfu.go:664.4,664.55 1 0
chromatic/internal/webrtc/sfu.go:664.55,667.5 2 0
chromatic/internal/webrtc/sfu.go:671.2,675.16 3 0
chromatic/internal/webrtc/sfu.go:675.16,677.3 1 0
chromatic/internal/webrtc/sfu.go:679.2,679.70 1 0
chromatic/internal/webrtc/sfu.go:679.70,681.3 1 0
chromatic/internal/webrtc/sfu.go:684.2,687.55 3 0
chromatic/internal/webrtc/sfu.go:692.84,694.17 2 1
chromatic/internal/webrtc/sfu.go:694.17,696.3 1 1
chromatic/internal/webrtc/sfu.go:698.2,702.9 4 0
chromatic/internal/webrtc/sfu.go:702.9,704.3 1 0
chromatic/internal/webrtc/sfu.go:707.2,708.16 2 0
chromatic/internal/webrtc/sfu.go:708.16,710.3 1 0
chromatic/internal/webrtc/sfu.go:712.2,712.70 1 0
chromatic/internal/webrtc/sfu.go:712.70,714.3 1 0
chromatic/internal/webrtc/sfu.go:717.2,721.55 4 0
chromatic/internal/webrtc/sfu.go:725.89,727.17 2 1
chromatic/internal/webrtc/sfu.go:727.17,729.3 1 1
chromatic/internal/webrtc/sfu.go:731.2,735.9 4 0
chromatic/internal/webrtc/sfu.go:735.9,737.3 1 0
chromatic/internal/webrtc/sfu.go:739.2,744.72 2 0
chromatic/internal/webrtc/sfu.go:744.72,746.3 1 0
chromatic/internal/webrtc/sfu.go:748.2,749.12 2 0
chromatic/internal/webrtc/whip.go:26.132,33.2 1 0
chromatic/internal/webrtc/whip.go:36.73,39.17 2 0
chromatic/internal/webrtc/whip.go:39.17,42.3 2 0
chromatic/internal/webrtc/whip.go:44.2,44.18 1 0
chromatic/internal/webrtc/whip.go:45.23,46.29 1 0
chromatic/internal/webrtc/whip.go:47.24,48.34 1 0
chromatic/internal/webrtc/whip.go:49.25,50.30 1 0
chromatic/internal/webrtc/whip.go:51.10,52.67 1 0
chromatic/internal/webrtc/whip.go:57.89,60.16 2 0
chromatic/internal/webrtc/whip.go:60.16,64.3 3 0
chromatic/internal/webrtc/whip.go:65.2,65.12 1 0
chromatic/internal/webrtc/whip.go:65.12,68.3 2 0
chromatic/internal/webrtc/whip.go:71.2,71.35 1 0
chromatic/internal/webrtc/whip.go:71.35,74.3 2 0
chromatic/internal/webrtc/whip.go:77.2,78.16 2 0
chromatic/internal/webrtc/whip.go:78.16,81.3 2 0
chromatic/internal/webrtc/whip.go:83.2,86.46 2 0
chromatic/internal/webrtc/whip.go:86.46,90.3 3 0
chromatic/internal/webrtc/whip.go:93.2,94.16 2 0
chromatic/internal/webrtc/whip.go:94.16,98.3 3 0
chromatic/internal/webrtc/whip.go:101.2,106.16 2 0
chromatic/internal/webrtc/whip.go:106.16,111.3 4 0
chromatic/internal/webrtc/whip.go:113.2,118.16 2 0
chromatic/internal/webrtc/whip.go:118.16,123.3 4 0
chromatic/internal/webrtc/whip.go:126.2,135.81 2 0
chromatic/internal/webrtc/whip.go:135.81,139.29 3 0
chromatic/internal/webrtc/whip.go:140.33,141.35 1 0
chromatic/internal/webrtc/whip.go:142.33,143.35 1 0
chromatic/internal/webrtc/whip.go:144.11,146.10 2 0
chromatic/internal/webrtc/whip.go:150.3,150.13 1 0
chromatic/internal/webrtc/whip.go:150.13,152.8 2 0
chromatic/internal/webrtc/whip.go:152.8,153.12 1 0
chromatic/internal/webrtc/whip.go:154.25,155.12 1 0
chromatic/internal/webrtc/whip.go:156.13,158.20 2 0
chromatic/internal/webrtc/whip.go:158.20,159.24 1 0
chromatic/internal/webrtc/whip.go:159.24,161.8 1 0
chromatic/internal/webrtc/whip.go:162.7,162.13 1 0
chromatic/internal/webrtc/whip.go:165.6,165.57 1 0
chromatic/internal/webrtc/whip.go:165.57,166.34 1 0
chromatic/internal/webrtc/whip.go:166.34,168.8 1 0
chromatic/internal/webrtc/whip.go:169.7,169.13 1 0
chromatic/internal/webrtc/whip.go:177.2,177.68 1 0
chromatic/internal/webrtc/whip.go:177.68,180.16 2 0
chromatic/internal/webrtc/whip.go:181.44,184.30 2 0
chromatic/internal/webrtc/whip.go:184.30,185.50 1 0
chromatic/internal/webrtc/whip.go:185.50,187.6 1 0
chromatic/internal/webrtc/whip.go:191.37,195.28 3 0
chromatic/internal/webrtc/whip.go:195.28,197.5 1 0
chromatic/internal/webrtc/whip.go:202.2,206.55 2 0
chromatic/internal/webrtc/whip.go:206.55,211.3 4 0
chromatic/internal/webrtc/whip.go:214.2,215.16 2 0
chromatic/internal/webrtc/whip.go:215.16,220.3 4 0
chromatic/internal/webrtc/whip.go:223.2,223.55 1 0
chromatic/internal/webrtc/whip.go:223.55,228.3 4 0
chromatic/internal/webrtc/whip.go:231.2,243.66 8 0
chromatic/internal/webrtc/whip.go:247.94,249.20 2 0
chromatic/internal/webrtc/whip.go:249.20,252.3 2 0
chromatic/internal/webrtc/whip.go:255.2,256.51 2 0
chromatic/internal/webrtc/whip.go:256.51,260.3 3 0
chromatic/internal/webrtc/whip.go:261.2,265.16 4 0
chromatic/internal/webrtc/whip.go:265.16,268.3 2 0
chromatic/internal/webrtc/whip.go:270.2,271.57 2 0
chromatic/internal/webrtc/whip.go:271.57,274.3 2 0
chromatic/internal/webrtc/whip.go:276.2,276.74 1 0
chromatic/internal/webrtc/whip.go:276.74,280.3 3 0
chromatic/internal/webrtc/whip.go:282.2,282.37 1 0
chromatic/internal/webrtc/whip.go:286.90,288.20 2 0
chromatic/internal/webrtc/whip.go:288.20,291.3 2 0
chromatic/internal/webrtc/whip.go:293.2,296.26 3 0
chromatic/internal/webrtc/whip.go:296.26,298.3 1 0
chromatic/internal/webrtc/whip.go:300.2,301.65 2 0
chromatic/internal/webrtc/whip.go:306.36,318.21 2 0
chromatic/internal/webrtc/whip.go:318.21,320.54 1 0
chromatic/internal/webrtc/whip.go:320.54,323.4 2 0
chromatic/internal/webrtc/whip.go:325.3,326.13 2 0
chromatic/internal/webrtc/whip.go:330.2,330.25 1 0
chromatic/internal/webrtc/whip.go:330.25,333.22 2 0
chromatic/internal/webrtc/whip.go:334.13,336.82 1 0
chromatic/internal/webrtc/whip.go:337.13,340.29 2 0
chromatic/internal/webrtc/whip.go:341.13,344.29 2 0
chromatic/internal/webrtc/whip.go:345.13,348.29 2 0
chromatic/internal/webrtc/whip.go:349.11,351.101 1 0
chromatic/internal/webrtc/whip.go:355.2,355.12 1 0
chromatic/internal/webrtc/whip.go:360.47,362.29 2 0
chromatic/internal/webrtc/whip.go:362.29,364.42 2 0
chromatic/internal/webrtc/whip.go:364.42,365.12 1 0
chromatic/internal/webrtc/whip.go:369.3,370.21 2 0
chromatic/internal/webrtc/whip.go:370.21,371.12 1 0
chromatic/internal/webrtc/whip.go:374.3,375.32 2 0
chromatic/internal/webrtc/whip.go:375.32,377.70 2 0
chromatic/internal/webrtc/whip.go:377.70,380.5 2 0
chromatic/internal/webrtc/whip.go:383.2,383.11 1 0
chromatic/internal/websocket/client.go:15.59,17.2 1 0
chromatic/internal/websocket/client.go:20.100,21.15 1 0
chromatic/internal/websocket/client.go:21.15,23.26 1 0
chromatic/internal/websocket/client.go:23.26,25.4 1 0
chromatic/internal/websocket/client.go:26.3,27.17 2 0
chromatic/internal/websocket/client.go:30.2,32.43 3 0
chromatic/internal/websocket/client.go:32.43,35.3 2 0
chromatic/internal/websocket/client.go:37.2,37.6 1 0
chromatic/internal/websocket/client.go:37.6,39.17 2 0
chromatic/internal/websocket/client.go:39.17,40.103 1 0
chromatic/internal/websocket/client.go:40.103,42.5 1 0
chromatic/internal/websocket/client.go:43.4,43.9 1 0
chromatic/internal/websocket/client.go:46.3,47.55 2 0
chromatic/internal/websocket/client.go:47.55,49.12 2 0
chromatic/internal/websocket/client.go:52.3,52.18 1 0
chromatic/internal/websocket/client.go:57.30,59.15 2 0
chromatic/internal/websocket/client.go:59.15,62.3 2 0
chromatic/internal/websocket/client.go:64.2,64.6 1 0
chromatic/internal/websocket/client.go:64.6,65.10 1 0
chromatic/internal/websocket/client.go:66.32,68.11 2 0
chromatic/internal/websocket/client.go:68.11,72.5 2 0
chromatic/internal/websocket/client.go:74.4,75.18 2 0
chromatic/internal/websocket/client.go:75.18,77.5 1 0
chromatic/internal/websocket/client.go:78.4,82.27 3 0
chromatic/internal/websocket/client.go:82.27,85.5 2 0
chromatic/internal/websocket/client.go:87.4,87.36 1 0
chromatic/internal/websocket/client.go:87.36,89.5 1 0
chromatic/internal/websocket/client.go:91.19,93.74 2 0
chromatic/internal/websocket/client.go:93.74,95.5 1 0
chromatic/internal/websocket/client.go:101.70,103.16 2 0
chromatic/internal/websocket/client.go:103.16,105.3 1 0
chromatic/internal/websocket/client.go:107.2,113.16 3 0
chromatic/internal/websocket/client.go:113.16,115.3 1 0
chromatic/internal/websocket/client.go:117.2,117.9 1 0
chromatic/internal/websocket/client.go:118.26,118.26 0 0
chromatic/internal/websocket/client.go:119.10,121.53 1 0
chromatic/internal/websocket/client.go:124.2,124.12 1 0
chromatic/internal/websocket/hub.go:83.20,91.2 1 1
chromatic/internal/websocket/hub.go:94.21,95.6 1 1
chromatic/internal/websocket/hub.go:95.6,96.10 1 1
chromatic/internal/websocket/hub.go:97.31,98.28 1 1
chromatic/internal/websocket/hub.go:100.33,101.30 1 1
chromatic/internal/websocket/hub.go:103.33,104.30 1 1
chromatic/internal/websocket/hub.go:106.17,107.10 1 1
chromatic/internal/websocket/hub.go:112.46,117.9 4 1
chromatic/internal/websocket/hub.go:117.9,125.3 3 1
chromatic/internal/websocket/hub.go:127.2,130.86 3 1
chromatic/internal/websocket/hub.go:133.48,137.46 3 1
chromatic/internal/websocket/hub.go:137.46,138.43 1 1
chromatic/internal/websocket/hub.go:138.43,141.31 2 1
chromatic/internal/websocket/hub.go:141.31,143.5 1 1
chromatic/internal/websocket/hub.go:145.4,149.30 3 1
chromatic/internal/websocket/hub.go:149.30,153.5 2 1
chromatic/internal/websocket/hub.go:158.49,163.9 4 1
chromatic/internal/websocket/hub.go:163.9,165.3 1 0
chromatic/internal/websocket/hub.go:167.2,167.39 1 1
chromatic/internal/websocket/hub.go:167.39,168.24 1 1
chromatic/internal/websocket/hub.go:168.24,169.12 1 1
chromatic/internal/websocket/hub.go:172.3,172.10 1 1
chromatic/internal/websocket/hub.go:173.35,173.35 0 1
chromatic/internal/websocket/hub.go:174.11,176.31 1 0
chromatic/internal/websocket/hub.go:176.31,178.5 1 0
chromatic/internal/websocket/hub.go:179.4,179.28 1 0
chromatic/internal/websocket/hub.go:185.40,187.2 1 1
chromatic/internal/websocket/hub.go:190.42,192.2 1 1
chromatic/internal/websocket/hub.go:195.76,201.2 1 1
chromatic/internal/websocket/hub.go:204.107,206.16 2 1
chromatic/internal/websocket/hub.go:206.16,208.3 1 0
chromatic/internal/websocket/hub.go:210.2,216.16 3 1
chromatic/internal/websocket/hub.go:216.16,218.3 1 0
chromatic/internal/websocket/hub.go:220.2,221.12 2 1
chromatic/internal/websocket/hub.go:225.65,229.39 3 1
chromatic/internal/websocket/hub.go:229.39,230.47 1 1
chromatic/internal/websocket/hub.go:230.47,231.11 1 1
chromatic/internal/websocket/hub.go:232.32,232.32 0 1
chromatic/internal/websocket/hub.go:233.12,233.12 0 0
chromatic/internal/websocket/hub.go:241.89,243.16 2 0
chromatic/internal/websocket/hub.go:243.16,245.3 1 0
chromatic/internal/websocket/hub.go:247.2,253.16 3 0
chromatic/internal/websocket/hub.go:253.16,255.3 1 0
chromatic/internal/websocket/hub.go:257.2,258.12 2 0
chromatic/internal/websocket/hub.go:262.57,267.39 4 1
chromatic/internal/websocket/hub.go:267.39,268.39 1 1
chromatic/internal/websocket/hub.go:268.39,270.4 1 1
chromatic/internal/websocket/hub.go:272.2,272.16 1 1
chromatic/internal/websocket/hub.go:276.60,280.39 3 1
chromatic/internal/websocket/hub.go:280.39,282.3 1 1
chromatic/internal/websocket/hub.go:283.2,283.12 1 0
chromatic/internal/websocket/hub.go:287.26,293.31 4 0
chromatic/internal/websocket/hub.go:293.31,294.39 1 0
chromatic/internal/websocket/hub.go:294.39,296.4 1 0
chromatic/internal/websocket/hub.go:299.2,299.48 1 0
chromatic/internal/websocket/hub.go:303.48,308.2 4 1
chromatic/internal/websocket/hub.go:311.48,315.39 3 1
chromatic/internal/websocket/hub.go:315.39,317.3 1 1
chromatic/internal/websocket/hub.go:318.2,318.10 1 1
chromatic/internal/api/handlers/auth.go:37.91,48.2 3 1
chromatic/internal/api/handlers/auth.go:51.48,53.21 2 1
chromatic/internal/api/handlers/auth.go:53.21,55.17 2 0
chromatic/internal/api/handlers/auth.go:55.17,57.12 2 0
chromatic/internal/api/handlers/auth.go:59.3,59.57 1 0
chromatic/internal/api/handlers/auth.go:59.57,61.4 1 0
chromatic/internal/api/handlers/auth.go:66.69,67.33 1 1
chromatic/internal/api/handlers/auth.go:67.33,70.3 2 1
chromatic/internal/api/handlers/auth.go:72.2,76.61 2 1
chromatic/internal/api/handlers/auth.go:76.61,79.3 2 1
chromatic/internal/api/handlers/auth.go:82.2,82.78 1 1
chromatic/internal/api/handlers/auth.go:82.78,85.3 2 1
chromatic/internal/api/handlers/auth.go:88.2,89.16 2 1
chromatic/internal/api/handlers/auth.go:89.16,93.3 3 0
chromatic/internal/api/handlers/auth.go:96.2,101.16 3 1
chromatic/internal/api/handlers/auth.go:101.16,105.3 3 0
chromatic/internal/api/handlers/auth.go:108.2,125.45 5 1
chromatic/internal/api/handlers/auth.go:129.70,130.33 1 1
chromatic/internal/api/handlers/auth.go:130.33,133.3 2 1
chromatic/internal/api/handlers/auth.go:136.2,137.16 2 1
chromatic/internal/api/handlers/auth.go:137.16,140.17 2 1
chromatic/internal/api/handlers/auth.go:140.17,142.4 1 0
chromatic/internal/api/handlers/auth.go:146.2,160.4 3 1
chromatic/internal/api/handlers/auth.go:164.62,171.16 3 1
chromatic/internal/api/handlers/auth.go:171.16,174.3 1 1
chromatic/internal/api/handlers/auth.go:176.2,176.33 1 1
chromatic/internal/api/handlers/auth.go:176.33,180.3 2 0
chromatic/internal/api/handlers/auth.go:182.2,182.13 1 1
chromatic/internal/api/handlers/auth.go:186.42,188.44 2 1
chromatic/internal/api/handlers/auth.go:188.44,190.3 1 0
chromatic/internal/api/handlers/auth.go:191.2,191.39 1 1
chromatic/internal/api/handlers/config.go:26.75,28.2 1 1
chromatic/internal/api/handlers/config.go:44.69,55.16 4 1
chromatic/internal/api/handlers/config.go:55.16,58.3 1 0
chromatic/internal/api/handlers/config.go:60.2,67.58 6 1
chromatic/internal/api/handlers/config.go:67.58,70.3 2 0
chromatic/internal/api/handlers/config.go:73.2,77.37 4 1
chromatic/internal/api/handlers/config.go:89.72,91.61 2 1
chromatic/internal/api/handlers/config.go:91.61,94.3 2 1
chromatic/internal/api/handlers/config.go:97.2,98.16 2 1
chromatic/internal/api/handlers/config.go:98.16,102.3 3 0
chromatic/internal/api/handlers/config.go:105.2,105.37 1 1
chromatic/internal/api/handlers/config.go:105.37,107.17 2 1
chromatic/internal/api/handlers/config.go:107.17,111.4 3 0
chromatic/internal/api/handlers/config.go:114.2,114.32 1 1
chromatic/internal/api/handlers/config.go:114.32,116.17 2 1
chromatic/internal/api/handlers/config.go:116.17,120.4 3 0
chromatic/internal/api/handlers/config.go:123.2,123.37 1 1
chromatic/internal/api/handlers/config.go:123.37,125.17 2 1
chromatic/internal/api/handlers/config.go:125.17,129.4 3 0
chromatic/internal/api/handlers/config.go:132.2,132.39 1 1
chromatic/internal/api/handlers/config.go:132.39,134.17 2 1
chromatic/internal/api/handlers/config.go:134.17,138.4 3 0
chromatic/internal/api/handlers/config.go:142.2,142.13 1 1
chromatic/internal/api/handlers/config.go:146.76,150.58 3 1
chromatic/internal/api/handlers/config.go:150.58,153.3 2 1
chromatic/internal/api/handlers/config.go:155.2,156.16 2 1
chromatic/internal/api/handlers/config.go:156.16,159.3 2 1
chromatic/internal/api/handlers/config.go:160.2,165.16 4 1
chromatic/internal/api/handlers/config.go:165.16,168.3 2 0
chromatic/internal/api/handlers/config.go:169.2,176.29 3 1
chromatic/internal/api/handlers/config.go:176.29,179.3 2 1
chromatic/internal/api/handlers/config.go:182.2,185.58 2 1
chromatic/internal/api/handlers/config.go:185.58,189.3 3 0
chromatic/internal/api/handlers/config.go:192.2,193.15 2 1
chromatic/internal/api/handlers/config.go:193.15,194.19 1 0
chromatic/internal/api/handlers/config.go:195.20,196.16 1 0
chromatic/internal/api/handlers/config.go:197.21,198.16 1 0
chromatic/internal/api/handlers/config.go:199.21,200.17 1 0
chromatic/internal/api/handlers/config.go:203.2,209.16 5 1
chromatic/internal/api/handlers/config.go:209.16,212.3 2 0
chromatic/internal/api/handlers/config.go:215.2,215.66 1 1
chromatic/internal/api/handlers/config.go:215.66,219.3 3 0
chromatic/internal/api/handlers/config.go:222.2,223.16 2 1
chromatic/internal/api/handlers/config.go:223.16,227.3 3 0
chromatic/internal/api/handlers/config.go:230.2,231.16 2 1
chromatic/internal/api/handlers/config.go:231.16,235.3 3 0
chromatic/internal/api/handlers/config.go:237.2,241.4 2 1
chromatic/internal/api/handlers/config.go:245.73,248.54 3 1
chromatic/internal/api/handlers/config.go:248.54,251.3 2 1
chromatic/internal/api/handlers/config.go:254.2,254.54 1 1
chromatic/internal/api/handlers/config.go:254.54,257.3 2 0
chromatic/internal/api/handlers/config.go:259.2,259.33 1 1
chromatic/internal/api/handlers/config.go:263.76,266.54 3 1
chromatic/internal/api/handlers/config.go:266.54,269.3 2 1
chromatic/internal/api/handlers/config.go:272.2,272.68 1 1
chromatic/internal/api/handlers/config.go:272.68,275.3 1 0
chromatic/internal/api/handlers/config.go:278.2,279.16 2 1
chromatic/internal/api/handlers/config.go:279.16,283.3 3 0
chromatic/internal/api/handlers/config.go:285.2,285.37 1 1
chromatic/internal/api/handlers/config.go:306.74,310.27 2 1
chromatic/internal/api/handlers/config.go:310.27,312.39 2 0
chromatic/internal/api/handlers/config.go:312.39,314.4 1 0
chromatic/internal/api/handlers/config.go:316.3,321.39 4 0
chromatic/internal/api/handlers/config.go:325.2,325.33 1 1
chromatic/internal/api/handlers/config.go:325.33,327.17 2 0
chromatic/internal/api/handlers/config.go:327.17,334.4 1 0
chromatic/internal/api/handlers/config.go:334.9,337.4 2 0
chromatic/internal/api/handlers/config.go:341.2,343.75 3 1
chromatic/internal/api/handlers/config.go:343.75,345.17 2 0
chromatic/internal/api/handlers/config.go:345.17,352.4 1 0
chromatic/internal/api/handlers/config.go:352.9,355.4 2 0
chromatic/internal/api/handlers/config.go:359.2,360.28 2 1
chromatic/internal/api/handlers/config.go:360.28,361.18 1 0
chromatic/internal/api/handlers/config.go:361.18,363.9 2 0
chromatic/internal/api/handlers/config.go:367.2,372.23 2 1
chromatic/internal/api/handlers/config.go:372.23,374.3 1 1
chromatic/internal/api/handlers/config.go:374.8,374.20 1 0
chromatic/internal/api/handlers/config.go:374.20,376.3 1 0
chromatic/internal/api/handlers/config.go:376.8,378.3 1 0
chromatic/internal/api/handlers/config.go:380.2,381.37 2 1
chromatic/internal/api/handlers/config.go:385.69,394.23 3 0
chromatic/internal/api/handlers/config.go:394.23,396.3 1 0
chromatic/internal/api/handlers/config.go:398.2,402.16 4 0
chromatic/internal/api/handlers/config.go:402.16,407.3 4 0
chromatic/internal/api/handlers/config.go:408.2,414.15 5 0
chromatic/internal/api/handlers/config.go:418.77,426.36 5 0
chromatic/internal/api/handlers/config.go:426.36,430.17 4 0
chromatic/internal/api/handlers/config.go:430.17,431.60 1 0
chromatic/internal/api/handlers/config.go:431.60,433.5 1 0
chromatic/internal/api/handlers/config.go:438.2,439.34 2 0
chromatic/internal/api/handlers/config.go:439.34,441.45 1 0
chromatic/internal/api/handlers/config.go:441.45,443.4 1 0
chromatic/internal/api/handlers/config.go:443.9,445.4 1 0
chromatic/internal/api/handlers/config.go:448.2,448.28 1 0
chromatic/internal/api/handlers/files.go:51.71,53.2 1 1
chromatic/internal/api/handlers/files.go:56.70,62.16 4 1
chromatic/internal/api/handlers/files.go:62.16,65.3 2 1
chromatic/internal/api/handlers/files.go:68.2,69.58 2 1
chromatic/internal/api/handlers/files.go:69.58,72.3 2 1
chromatic/internal/api/handlers/files.go:74.2,75.16 2 1
chromatic/internal/api/handlers/files.go:75.16,78.3 2 0
chromatic/internal/api/handlers/files.go:79.2,82.31 2 1
chromatic/internal/api/handlers/files.go:82.31,85.3 2 0
chromatic/internal/api/handlers/files.go:88.2,90.16 3 1
chromatic/internal/api/handlers/files.go:90.16,93.3 2 0
chromatic/internal/api/handlers/files.go:94.2,100.33 3 1
chromatic/internal/api/handlers/files.go:100.33,103.3 2 1
chromatic/internal/api/handlers/files.go:106.2,108.15 3 1
chromatic/internal/api/handlers/files.go:108.15,110.3 1 0
chromatic/internal/api/handlers/files.go:111.2,115.68 3 1
chromatic/internal/api/handlers/files.go:115.68,118.3 2 0
chromatic/internal/api/handlers/files.go:121.2,122.16 2 1
chromatic/internal/api/handlers/files.go:122.16,125.3 2 0
chromatic/internal/api/handlers/files.go:126.2,128.46 2 1
chromatic/internal/api/handlers/files.go:128.46,132.3 3 0
chromatic/internal/api/handlers/files.go:135.2,136.22 2 1
chromatic/internal/api/handlers/files.go:136.22,138.3 1 1
chromatic/internal/api/handlers/files.go:141.2,146.16 2 1
chromatic/internal/api/handlers/files.go:146.16,150.3 3 0
chromatic/internal/api/handlers/files.go:153.2,154.70 2 1
chromatic/internal/api/handlers/files.go:154.70,156.70 2 1
chromatic/internal/api/handlers/files.go:156.70,159.4 1 1
chromatic/internal/api/handlers/files.go:159.9,162.4 1 0
chromatic/internal/api/handlers/files.go:165.2,173.43 2 1
chromatic/internal/api/handlers/files.go:173.43,175.3 1 1
chromatic/internal/api/handlers/files.go:178.2,181.26 3 1
chromatic/internal/api/handlers/files.go:185.72,193.16 4 1
chromatic/internal/api/handlers/files.go:193.16,196.3 2 1
chromatic/internal/api/handlers/files.go:199.2,199.55 1 1
chromatic/internal/api/handlers/files.go:199.55,202.3 2 0
chromatic/internal/api/handlers/files.go:204.2,207.34 3 1
chromatic/internal/api/handlers/files.go:211.73,220.16 5 1
chromatic/internal/api/handlers/files.go:220.16,223.3 2 1
chromatic/internal/api/handlers/files.go:225.2,225.44 1 1
chromatic/internal/api/handlers/files.go:225.44,228.3 2 0
chromatic/internal/api/handlers/files.go:231.2,231.50 1 1
chromatic/internal/api/handlers/files.go:231.50,232.52 1 0
chromatic/internal/api/handlers/files.go:232.52,236.4 3 0
chromatic/internal/api/handlers/files.go:240.2,240.34 1 1
chromatic/internal/api/handlers/files.go:243.30,247.2 3 1
chromatic/internal/api/handlers/files.go:249.50,250.18 1 1
chromatic/internal/api/handlers/files.go:251.20,252.16 1 1
chromatic/internal/api/handlers/files.go:253.19,254.16 1 1
chromatic/internal/api/handlers/files.go:255.19,256.16 1 1
chromatic/internal/api/handlers/files.go:257.20,258.17 1 1
chromatic/internal/api/handlers/files.go:259.20,260.16 1 1
chromatic/internal/api/handlers/files.go:261.19,262.16 1 1
chromatic/internal/api/handlers/files.go:263.19,264.16 1 1
chromatic/internal/api/handlers/files.go:265.25,266.16 1 1
chromatic/internal/api/handlers/files.go:267.10,268.16 1 1
chromatic/internal/api/handlers/files.go:273.55,276.16 2 1
chromatic/internal/api/handlers/files.go:276.16,278.3 1 0
chromatic/internal/api/handlers/files.go:279.2,283.16 3 1
chromatic/internal/api/handlers/files.go:283.16,285.3 1 1
chromatic/internal/api/handlers/files.go:287.2,298.21 8 0
chromatic/internal/api/handlers/files.go:298.21,300.3 1 0
chromatic/internal/api/handlers/files.go:303.2,303.18 1 0
chromatic/internal/api/handlers/files.go:303.18,305.3 1 0
chromatic/internal/api/handlers/files.go:307.2,317.65 5 0
chromatic/internal/api/handlers/files.go:317.65,319.3 1 0
chromatic/internal/api/handlers/files.go:322.2,323.16 2 0
chromatic/internal/api/handlers/files.go:323.16,325.3 1 0
chromatic/internal/api/handlers/files.go:326.2,329.97 2 0
chromatic/internal/api/handlers/files.go:329.97,332.3 2 0
chromatic/internal/api/handlers/files.go:334.2,335.12 2 0
chromatic/internal/api/handlers/files.go:339.13,344.2 2 1
chromatic/internal/api/handlers/rooms.go:36.42,40.2 1 1
chromatic/internal/api/handlers/rooms.go:43.70,53.2 5 0
chromatic/internal/api/handlers/rooms.go:56.60,60.51 3 0
chromatic/internal/api/handlers/rooms.go:60.51,63.3 2 0
chromatic/internal/api/handlers/rooms.go:67.63,71.51 3 1
chromatic/internal/api/handlers/rooms.go:71.51,72.10 1 0
chromatic/internal/api/handlers/rooms.go:73.34,73.34 0 0
chromatic/internal/api/handlers/rooms.go:74.11,74.11 0 0
chromatic/internal/api/handlers/rooms.go:81.69,85.36 3 0
chromatic/internal/api/handlers/rooms.go:85.36,86.41 1 0
chromatic/internal/api/handlers/rooms.go:86.41,87.11 1 0
chromatic/internal/api/handlers/rooms.go:88.35,88.35 0 0
chromatic/internal/api/handlers/rooms.go:89.12,89.12 0 0
chromatic/internal/api/handlers/rooms.go:110.71,116.2 1 1
chromatic/internal/api/handlers/rooms.go:121.4,123.2 1 0
chromatic/internal/api/handlers/rooms.go:128.4,130.2 1 0
chromatic/internal/api/handlers/rooms.go:133.69,135.2 1 0
chromatic/internal/api/handlers/rooms.go:138.68,151.18 4 1
chromatic/internal/api/handlers/rooms.go:151.18,154.3 2 1
chromatic/internal/api/handlers/rooms.go:156.2,159.16 3 1
chromatic/internal/api/handlers/rooms.go:159.16,163.3 3 0
chromatic/internal/api/handlers/rooms.go:164.2,167.18 3 1
chromatic/internal/api/handlers/rooms.go:167.18,176.17 3 1
chromatic/internal/api/handlers/rooms.go:176.17,180.4 3 0
chromatic/internal/api/handlers/rooms.go:181.3,181.30 1 1
chromatic/internal/api/handlers/rooms.go:184.2,184.23 1 1
chromatic/internal/api/handlers/rooms.go:201.70,203.61 2 1
chromatic/internal/api/handlers/rooms.go:203.61,206.3 2 0
chromatic/internal/api/handlers/rooms.go:209.2,209.38 1 1
chromatic/internal/api/handlers/rooms.go:209.38,212.3 2 1
chromatic/internal/api/handlers/rooms.go:215.2,215.46 1 1
chromatic/internal/api/handlers/rooms.go:215.46,218.3 2 1
chromatic/internal/api/handlers/rooms.go:221.2,225.25 3 1
chromatic/internal/api/handlers/rooms.go:225.25,226.29 1 1
chromatic/internal/api/handlers/rooms.go:226.29,229.4 2 0
chromatic/internal/api/handlers/rooms.go:230.3,231.17 2 1
chromatic/internal/api/handlers/rooms.go:231.17,234.4 2 0
chromatic/internal/api/handlers/rooms.go:235.3,236.26 2 1
chromatic/internal/api/handlers/rooms.go:240.2,240.29 1 1
chromatic/internal/api/handlers/rooms.go:240.29,242.3 1 0
chromatic/internal/api/handlers/rooms.go:245.2,253.16 2 1
chromatic/internal/api/handlers/rooms.go:253.16,257.3 2 0
chromatic/internal/api/handlers/rooms.go:260.2,279.22 4 1
chromatic/internal/api/handlers/rooms.go:283.67,286.16 3 1
chromatic/internal/api/handlers/rooms.go:286.16,289.3 2 1
chromatic/internal/api/handlers/rooms.go:291.2,291.22 1 1
chromatic/internal/api/handlers/rooms.go:295.70,299.65 3 1
chromatic/internal/api/handlers/rooms.go:299.65,302.3 2 0
chromatic/internal/api/handlers/rooms.go:306.2,323.32 5 1
chromatic/internal/api/handlers/rooms.go:323.32,324.34 1 1
chromatic/internal/api/handlers/rooms.go:324.34,325.14 1 1
chromatic/internal/api/handlers/rooms.go:325.14,327.5 1 1
chromatic/internal/api/handlers/rooms.go:328.4,330.17 3 1
chromatic/internal/api/handlers/rooms.go:334.2,334.20 1 1
chromatic/internal/api/handlers/rooms.go:334.20,337.3 2 0
chromatic/internal/api/handlers/rooms.go:339.2,343.16 4 1
chromatic/internal/api/handlers/rooms.go:343.16,346.3 2 0
chromatic/internal/api/handlers/rooms.go:348.2,349.19 2 1
chromatic/internal/api/handlers/rooms.go:349.19,352.3 2 1
chromatic/internal/api/handlers/rooms.go:355.2,356.22 2 1
chromatic/internal/api/handlers/rooms.go:360.70,364.16 3 1
chromatic/internal/api/handlers/rooms.go:364.16,367.3 2 0
chromatic/internal/api/handlers/rooms.go:369.2,370.19 2 1
chromatic/internal/api/handlers/rooms.go:370.19,373.3 2 1
chromatic/internal/api/handlers/rooms.go:375.2,375.37 1 1
chromatic/internal/api/handlers/rooms.go:379.74,386.16 4 0
chromatic/internal/api/handlers/rooms.go:386.16,389.3 2 0
chromatic/internal/api/handlers/rooms.go:391.2,392.19 2 0
chromatic/internal/api/handlers/rooms.go:392.19,395.3 2 0
chromatic/internal/api/handlers/rooms.go:397.2,397.37 1 0
chromatic/internal/api/handlers/rooms.go:401.74,417.16 4 1
chromatic/internal/api/handlers/rooms.go:417.16,420.3 2 1
chromatic/internal/api/handlers/rooms.go:422.2,422.22 1 1
chromatic/internal/api/handlers/rooms.go:432.68,436.61 3 1
chromatic/internal/api/handlers/rooms.go:436.61,439.3 2 0
chromatic/internal/api/handlers/rooms.go:442.2,442.45 1 1
chromatic/internal/api/handlers/rooms.go:442.45,445.3 2 1
chromatic/internal/api/handlers/rooms.go:448.2,457.16 5 1
chromatic/internal/api/handlers/rooms.go:457.16,460.3 2 1
chromatic/internal/api/handlers/rooms.go:463.2,463.24 1 1
chromatic/internal/api/handlers/rooms.go:463.24,464.26 1 1
chromatic/internal/api/handlers/rooms.go:464.26,467.4 2 1
chromatic/internal/api/handlers/rooms.go:468.3,468.100 1 1
chromatic/internal/api/handlers/rooms.go:468.100,471.4 2 1
chromatic/internal/api/handlers/rooms.go:475.2,484.16 5 1
chromatic/internal/api/handlers/rooms.go:484.16,487.3 2 0
chromatic/internal/api/handlers/rooms.go:490.2,491.16 2 1
chromatic/internal/api/handlers/rooms.go:491.16,495.3 3 0
chromatic/internal/api/handlers/rooms.go:498.2,499.17 2 1
chromatic/internal/api/handlers/rooms.go:499.17,502.3 1 1
chromatic/internal/api/handlers/rooms.go:504.2,512.26 2 1
chromatic/internal/api/handlers/rooms.go:516.75,526.16 3 1
chromatic/internal/api/handlers/rooms.go:526.16,529.3 2 0
chromatic/internal/api/handlers/rooms.go:530.2,533.18 3 1
chromatic/internal/api/handlers/rooms.go:533.18,536.58 3 1
chromatic/internal/api/handlers/rooms.go:536.58,537.12 1 0
chromatic/internal/api/handlers/rooms.go:539.3,543.5 1 1
chromatic/internal/api/handlers/rooms.go:546.2,546.30 1 1
chromatic/internal/api/handlers/rooms.go:550.80,559.16 4 1
chromatic/internal/api/handlers/rooms.go:559.16,562.3 2 0
chromatic/internal/api/handlers/rooms.go:564.2,565.19 2 1
chromatic/internal/api/handlers/rooms.go:565.19,568.3 2 0
chromatic/internal/api/handlers/rooms.go:571.2,576.37 3 1
chromatic/internal/api/handlers/rooms.go:580.72,589.16 3 0
chromatic/internal/api/handlers/rooms.go:589.16,592.3 2 0
chromatic/internal/api/handlers/rooms.go:594.2,595.18 2 0
chromatic/internal/api/handlers/rooms.go:595.18,597.40 2 0
chromatic/internal/api/handlers/rooms.go:597.40,599.4 1 0
chromatic/internal/api/handlers/rooms.go:601.2,609.16 3 0
chromatic/internal/api/handlers/rooms.go:609.16,612.3 2 0
chromatic/internal/api/handlers/rooms.go:615.2,620.37 3 0
chromatic/internal/api/handlers/rooms.go:624.86,638.16 6 1
chromatic/internal/api/handlers/rooms.go:638.16,641.3 2 1
chromatic/internal/api/handlers/rooms.go:643.2,646.4 1 1
chromatic/internal/api/handlers/rooms.go:650.66,656.16 3 0
chromatic/internal/api/handlers/rooms.go:656.16,658.3 1 0
chromatic/internal/api/handlers/rooms.go:659.2,659.15 1 0
chromatic/internal/api/handlers/rooms.go:659.15,660.16 1 0
chromatic/internal/api/handlers/rooms.go:660.16,662.4 1 0
chromatic/internal/api/handlers/rooms.go:666.2,675.16 3 0
chromatic/internal/api/handlers/rooms.go:675.16,680.3 3 0
chromatic/internal/api/handlers/rooms.go:683.2,687.16 2 0
chromatic/internal/api/handlers/rooms.go:687.16,689.3 1 0
chromatic/internal/api/handlers/rooms.go:692.2,693.23 2 0
chromatic/internal/api/handlers/rooms.go:693.23,698.3 3 0
chromatic/internal/api/handlers/rooms.go:701.2,701.36 1 0
chromatic/internal/api/handlers/rooms.go:701.36,703.3 1 0
chromatic/internal/api/handlers/rooms.go:704.2,707.18 2 0
chromatic/internal/api/handlers/rooms.go:707.18,708.74 1 0
chromatic/internal/api/handlers/rooms.go:708.74,711.4 1 0
chromatic/internal/api/handlers/rooms.go:715.2,715.18 1 0
chromatic/internal/api/handlers/rooms.go:715.18,717.3 1 0
chromatic/internal/api/handlers/rooms.go:720.2,720.25 1 0
chromatic/internal/api/handlers/rooms.go:720.25,722.3 1 0
chromatic/internal/api/handlers/rooms.go:724.2,725.12 2 0
chromatic/internal/api/handlers/rooms.go:729.58,738.16 3 0
chromatic/internal/api/handlers/rooms.go:738.16,741.3 1 0
chromatic/internal/api/handlers/rooms.go:745.2,745.18 1 0
chromatic/internal/api/handlers/rooms.go:745.18,749.3 1 0
chromatic/internal/api/handlers/rooms.go:751.2,751.67 1 0
chromatic/internal/api/handlers/rooms.go:754.72,771.2 3 1
chromatic/internal/api/handlers/rooms.go:775.26,779.2 3 1
chromatic/internal/api/handlers/rooms.go:786.36,789.23 2 1
chromatic/internal/api/handlers/rooms.go:789.23,791.3 1 1
chromatic/internal/api/handlers/rooms.go:792.2,792.27 1 1
chromatic/internal/api/handlers/rooms.go:795.59,798.2 2 1
chromatic/internal/api/handlers/rooms.go:802.77,816.16 6 0
chromatic/internal/api/handlers/rooms.go:816.16,819.3 2 0
chromatic/internal/api/handlers/rooms.go:822.2,822.16 1 0
chromatic/internal/api/handlers/rooms.go:822.16,828.3 5 0
chromatic/internal/api/handlers/rooms.go:830.2,830.27 1 0
chromatic/internal/api/handlers/rooms.go:830.27,836.3 5 0
chromatic/internal/api/handlers/rooms.go:839.2,850.35 8 0
chromatic/internal/api/handlers/rooms.go:850.35,852.3 1 0
chromatic/internal/api/handlers/rooms.go:855.2,859.6 4 0
chromatic/internal/api/handlers/rooms.go:859.6,860.10 1 0
chromatic/internal/api/handlers/rooms.go:861.26,862.11 1 0
chromatic/internal/api/handlers/rooms.go:862.11,864.5 1 0
chromatic/internal/api/handlers/rooms.go:865.4,866.37 2 0
chromatic/internal/api/handlers/rooms.go:866.37,868.5 1 0
chromatic/internal/api/handlers/rooms.go:869.4,869.10 1 0
chromatic/internal/api/handlers/rooms.go:871.19,874.37 2 0
chromatic/internal/api/handlers/rooms.go:874.37,876.5 1 0
chromatic/internal/api/handlers/rooms.go:878.21,880.10 1 0
chromatic/internal/api/handlers/rooms.go:886.58,889.2 2 0
chromatic/internal/api/handlers/stream_keys.go:18.61,20.2 1 1
chromatic/internal/api/handlers/stream_keys.go:31.73,35.16 2 1
chromatic/internal/api/handlers/stream_keys.go:35.16,38.3 2 0
chromatic/internal/api/handlers/stream_keys.go:39.2,42.18 3 1
chromatic/internal/api/handlers/stream_keys.go:42.18,44.86 2 1
chromatic/internal/api/handlers/stream_keys.go:44.86,45.12 1 0
chromatic/internal/api/handlers/stream_keys.go:47.3,47.27 1 1
chromatic/internal/api/handlers/stream_keys.go:50.2,50.22 1 1
chromatic/internal/api/handlers/stream_keys.go:59.75,61.61 2 1
chromatic/internal/api/handlers/stream_keys.go:61.61,64.3 2 1
chromatic/internal/api/handlers/stream_keys.go:66.2,66.46 1 1
chromatic/internal/api/handlers/stream_keys.go:66.46,69.3 2 1
chromatic/internal/api/handlers/stream_keys.go:71.2,78.16 4 1
chromatic/internal/api/handlers/stream_keys.go:78.16,81.3 2 0
chromatic/internal/api/handlers/stream_keys.go:83.2,90.21 3 1
chromatic/internal/api/handlers/stream_keys.go:94.75,98.16 3 1
chromatic/internal/api/handlers/stream_keys.go:98.16,101.3 2 0
chromatic/internal/api/handlers/stream_keys.go:103.2,104.19 2 1
chromatic/internal/api/handlers/stream_keys.go:104.19,107.3 2 1
chromatic/internal/api/handlers/stream_keys.go:109.2,109.37 1 1
chromatic/internal/api/handlers/stream_keys.go:113.68,116.16 3 1
chromatic/internal/api/handlers/stream_keys.go:116.16,118.3 1 0
chromatic/internal/api/handlers/stream_keys.go:119.2,119.23 1 1
chromatic/internal/api/handlers/stream_keys.go:123.67,127.2 3 0
chromatic/internal/api/handlers/stream_keys.go:129.35,133.2 3 1
chromatic/internal/api/handlers/stream_keys.go:135.32,140.2 3 1
chromatic/internal/api/handlers/token.go:26.51,30.2 1 1
chromatic/internal/api/handlers/token.go:42.117,52.16 3 1
chromatic/internal/api/handlers/token.go:52.16,54.3 1 0
chromatic/internal/api/handlers/token.go:57.2,65.45 6 1
chromatic/internal/api/handlers/token.go:69.76,72.39 2 0
chromatic/internal/api/handlers/token.go:72.39,73.22 1 0
chromatic/internal/api/handlers/token.go:73.22,76.9 3 0
chromatic/internal/api/handlers/token.go:80.2,80.44 1 0
chromatic/internal/api/handlers/token.go:80.44,82.3 1 0
chromatic/internal/api/handlers/token.go:85.2,86.16 2 0
chromatic/internal/api/handlers/token.go:86.16,88.3 1 0
chromatic/internal/api/handlers/token.go:91.2,92.16 2 0
chromatic/internal/api/handlers/token.go:92.16,94.3 1 0
chromatic/internal/api/handlers/token.go:97.2,101.47 4 0
chromatic/internal/api/handlers/token.go:101.47,103.3 1 0
chromatic/internal/api/handlers/token.go:106.2,107.63 2 0
chromatic/internal/api/handlers/token.go:107.63,109.3 1 0
chromatic/internal/api/handlers/token.go:112.2,112.43 1 0
chromatic/internal/api/handlers/token.go:112.43,114.3 1 0
chromatic/internal/api/handlers/token.go:116.2,116.22 1 0
chromatic/internal/api/handlers/websocket.go:34.163,49.43 3 0
chromatic/internal/api/handlers/websocket.go:49.43,52.16 3 0
chromatic/internal/api/handlers/websocket.go:52.16,54.5 1 0
chromatic/internal/api/handlers/websocket.go:55.4,55.18 1 0
chromatic/internal/api/handlers/websocket.go:59.2,59.10 1 0
chromatic/internal/api/handlers/websocket.go:67.40,75.2 4 0
chromatic/internal/api/handlers/websocket.go:78.85,84.31 5 0
chromatic/internal/api/handlers/websocket.go:84.31,87.3 2 0
chromatic/internal/api/handlers/websocket.go:90.2,94.16 3 0
chromatic/internal/api/handlers/websocket.go:94.16,98.3 3 0
chromatic/internal/api/handlers/websocket.go:101.2,101.35 1 0
chromatic/internal/api/handlers/websocket.go:101.35,104.3 2 0
chromatic/internal/api/handlers/websocket.go:105.2,105.31 1 0
chromatic/internal/api/handlers/websocket.go:105.31,108.3 2 0
chromatic/internal/api/handlers/websocket.go:111.2,118.16 6 0
chromatic/internal/api/handlers/websocket.go:118.16,121.3 2 0
chromatic/internal/api/handlers/websocket.go:124.2,124.27 1 0
chromatic/internal/api/handlers/websocket.go:124.27,127.3 2 0
chromatic/internal/api/handlers/websocket.go:130.2,138.16 4 0
chromatic/internal/api/handlers/websocket.go:138.16,143.3 3 0
chromatic/internal/api/handlers/websocket.go:146.2,146.17 1 0
chromatic/internal/api/handlers/websocket.go:146.17,149.3 2 0
chromatic/internal/api/handlers/websocket.go:152.2,153.16 2 0
chromatic/internal/api/handlers/websocket.go:153.16,156.3 2 0
chromatic/internal/api/handlers/websocket.go:160.2,161.17 2 0
chromatic/internal/api/handlers/websocket.go:161.17,163.3 1 0
chromatic/internal/api/handlers/websocket.go:164.2,178.17 2 0
chromatic/internal/api/handlers/websocket.go:178.17,180.3 1 0
chromatic/internal/api/handlers/websocket.go:181.2,202.26 5 0
chromatic/internal/api/handlers/websocket.go:202.26,204.3 1 0
chromatic/internal/api/handlers/websocket.go:207.2,211.52 2 0
chromatic/internal/api/handlers/websocket.go:211.52,213.4 1 0
chromatic/internal/api/handlers/websocket.go:214.29,220.4 2 0
chromatic/internal/api/handlers/websocket.go:225.92,228.16 2 0
chromatic/internal/api/handlers/websocket.go:228.16,231.3 2 0
chromatic/internal/api/handlers/websocket.go:234.2,238.92 2 0
chromatic/internal/api/handlers/websocket.go:243.74,245.33 2 0
chromatic/internal/api/handlers/websocket.go:245.33,247.3 1 0
chromatic/internal/api/handlers/websocket.go:248.2,248.97 1 0
chromatic/internal/api/handlers/websocket.go:252.81,273.16 10 0
chromatic/internal/api/handlers/websocket.go:273.16,275.3 1 0
chromatic/internal/api/handlers/websocket.go:277.2,282.33 4 0
chromatic/internal/api/handlers/websocket.go:282.33,291.3 1 0
chromatic/internal/api/handlers/websocket.go:294.2,303.26 2 0
chromatic/internal/api/handlers/websocket.go:303.26,305.3 1 0
chromatic/internal/api/handlers/websocket.go:306.2,306.58 1 0
chromatic/internal/api/handlers/websocket.go:306.58,309.3 1 0
chromatic/internal/api/handlers/websocket.go:311.2,316.4 1 0
chromatic/internal/api/handlers/websocket.go:320.91,321.18 1 0
chromatic/internal/api/handlers/websocket.go:322.19,324.40 2 0
chromatic/internal/api/handlers/websocket.go:325.16,327.38 2 0
chromatic/internal/api/handlers/websocket.go:328.22,330.43 2 0
chromatic/internal/api/handlers/websocket.go:331.22,332.43 1 0
chromatic/internal/api/handlers/websocket.go:333.23,334.44 1 0
chromatic/internal/api/handlers/websocket.go:335.26,336.47 1 0
chromatic/internal/api/handlers/websocket.go:337.28,338.42 1 0
chromatic/internal/api/handlers/websocket.go:339.35,340.49 1 0
chromatic/internal/api/handlers/websocket.go:342.20,343.41 1 0
chromatic/internal/api/handlers/websocket.go:344.20,345.41 1 0
chromatic/internal/api/handlers/websocket.go:346.27,347.34 1 0
chromatic/internal/api/handlers/websocket.go:348.10,349.86 1 0
chromatic/internal/api/handlers/websocket.go:353.94,357.55 2 0
chromatic/internal/api/handlers/websocket.go:357.55,359.3 1 0
chromatic/internal/api/handlers/websocket.go:362.2,364.60 2 0
chromatic/internal/api/handlers/websocket.go:364.60,366.3 1 0
chromatic/internal/api/handlers/websocket.go:369.2,374.8 1 0
chromatic/internal/api/handlers/websocket.go:377.92,383.55 2 0
chromatic/internal/api/handlers/websocket.go:383.55,385.3 1 0
chromatic/internal/api/handlers/websocket.go:388.2,395.8 1 0
chromatic/internal/api/handlers/websocket.go:398.97,403.55 2 0
chromatic/internal/api/handlers/websocket.go:403.55,405.3 1 0
chromatic/internal/api/handlers/websocket.go:407.2,407.23 1 0
chromatic/internal/api/handlers/websocket.go:407.23,409.3 1 0
chromatic/internal/api/handlers/websocket.go:410.2,410.23 1 0
chromatic/internal/api/handlers/websocket.go:410.23,412.3 1 0
chromatic/internal/api/handlers/websocket.go:415.2,421.15 1 0
chromatic/internal/api/handlers/websocket.go:424.97,429.55 2 0
chromatic/internal/api/handlers/websocket.go:429.55,432.3 2 0
chromatic/internal/api/handlers/websocket.go:434.2,438.136 2 0
chromatic/internal/api/handlers/websocket.go:438.136,441.3 1 0
chromatic/internal/api/handlers/websocket.go:443.2,443.16 1 0
chromatic/internal/api/handlers/websocket.go:443.16,446.3 2 0
chromatic/internal/api/handlers/websocket.go:449.2,453.64 2 0
chromatic/internal/api/handlers/websocket.go:457.109,462.33 3 0
chromatic/internal/api/handlers/websocket.go:462.33,463.33 1 0
chromatic/internal/api/handlers/websocket.go:463.33,464.12 1 0
chromatic/internal/api/handlers/websocket.go:469.3,470.17 2 0
chromatic/internal/api/handlers/websocket.go:470.17,472.12 2 0
chromatic/internal/api/handlers/websocket.go:476.3,481.115 2 0
chromatic/internal/api/handlers/websocket.go:485.98,489.55 2 0
chromatic/internal/api/handlers/websocket.go:489.55,492.3 2 0
chromatic/internal/api/handlers/websocket.go:494.2,499.86 2 0
chromatic/internal/api/handlers/websocket.go:499.86,502.3 2 0
chromatic/internal/api/handlers/websocket.go:504.2,504.76 1 0
chromatic/internal/api/handlers/websocket.go:507.101,514.55 2 0
chromatic/internal/api/handlers/websocket.go:514.55,517.3 2 0
chromatic/internal/api/handlers/websocket.go:519.2,526.95 2 0
chromatic/internal/api/handlers/websocket.go:526.95,529.3 2 0
chromatic/internal/api/handlers/websocket.go:531.2,531.78 1 0
chromatic/internal/api/handlers/websocket.go:534.96,538.55 2 0
chromatic/internal/api/handlers/websocket.go:538.55,541.3 2 0
chromatic/internal/api/handlers/websocket.go:543.2,547.16 3 0
chromatic/internal/api/handlers/websocket.go:547.16,550.3 2 0
chromatic/internal/api/handlers/websocket.go:553.2,557.70 2 0
chromatic/internal/api/handlers/websocket.go:560.103,564.55 2 0
chromatic/internal/api/handlers/websocket.go:564.55,567.3 2 0
chromatic/internal/api/handlers/websocket.go:569.2,572.94 2 0
chromatic/internal/api/handlers/websocket.go:572.94,575.3 2 0
chromatic/internal/api/handlers/websocket.go:577.2,577.70 1 0
chromatic/internal/api/handlers/websocket.go:580.95,581.21 1 0
chromatic/internal/api/handlers/websocket.go:581.21,583.3 1 0
chromatic/internal/api/handlers/websocket.go:585.2,588.55 2 0
chromatic/internal/api/handlers/websocket.go:588.55,590.3 1 0
chromatic/internal/api/handlers/websocket.go:592.2,594.8 1 0
chromatic/internal/api/handlers/websocket.go:597.95,598.21 1 0
chromatic/internal/api/handlers/websocket.go:598.21,600.3 1 0
chromatic/internal/api/handlers/websocket.go:602.2,606.55 2 0
chromatic/internal/api/handlers/websocket.go:606.55,608.3 1 0
chromatic/internal/api/handlers/websocket.go:611.2,618.8 2 0
chromatic/internal/api/handlers/websocket.go:621.76,622.21 1 0
chromatic/internal/api/handlers/websocket.go:622.21,624.3 1 0
chromatic/internal/api/handlers/websocket.go:627.2,627.82 1 0
